[sites.google.com/view/hi-gang.html]
[schema.org/WebPage.html]
[lh4.googleusercontent.com/logo.png]
[backblue.gif]
[fade.gif]
[index.html]
[accounts.google.com/o/oauth2/auth.7.delayed]
[sites.google.com/new/index.html]
[accounts.google.com/signin/oauth/error3900.html]
[accounts.google.com/o/oauth2/postmessageRelay.html]
[www.gstatic.com/atari/embeds/7925c5f8e01bacb9b4b0a3783ae0b867/intermediate-frame-minified.html]
[sites.google.com/new/index7558.html]
[accounts.google.com/o/oauth2/iframe.html]
[122144096-atari-embeds.googleusercontent.com/embeds/16cb204cf3a9d4d223a0a3fd8b0eec5d/inner-frame-minified.html]
[apis.google.com/js/clientc932.js]
[sites.google.com/view/hi-gang/home.html]
[lh5.googleusercontent.com/logo.png]
[lh6.googleusercontent.com/6PG-fPoExGUXB80-9dgUrcPMKr4iakgfL6Ryz97TFuIdt8DQlDWjNa1o31UMbCbDzDWmyIMJuNY=s0.jpg]
[accounts.google.com/ServiceLoginae3a.html]
[www.gstatic.com/_/atari/_/js/k=atari.vw.en_US.WTi0ilItDDo.O/d=1/rs=AGEqA5l_5xzch2ThvLDloL5AmIIGUyE5pA/m=view]
[sites.google.com/view/hi-gang.html]
[schema.org/WebPage.html]
[fonts.googleapis.com/css9f00.css]
[fonts.googleapis.com/cssf38a.css]
[www.gstatic.com/_/atari/_/ss/k=atari.vw.Ev8u5BDaFx0.L.X.O/d=1/rs=AGEqA5mb1ZXlhf0IbKYlJoN8fYDPCDJ5QA.css]
[drive.google.com/index.html]
[docs.google.com/index.html]
[sites.google.com/new/index.html]
[accounts.google.com/signin/oauth/error3900.html]
[accounts.google.com/o/oauth2/postmessageRelay.html]
[sites.google.com/new/index7558.html]
[www.gstatic.com/atari/embeds/7925c5f8e01bacb9b4b0a3783ae0b867/intermediate-frame-minified.html]
[accounts.google.com/o/oauth2/iframe.html]
[122144096-atari-embeds.googleusercontent.com/embeds/16cb204cf3a9d4d223a0a3fd8b0eec5d/inner-frame-minified.html]
[domains.google.com/index.html]
[sites.google.com/view/hi-gang/home.html]
[accounts.google.com/ServiceLoginae3a.html]
